Application     E:\CSPro\Census2020\Source code\Prototype\Data Entry\Census2020Ver2.ent
Type            ENTRY
Input Data      <<Empty>>
<Paradata Log>  E:\CSPro\Census2020\Source code\Prototype\Data Entry\Census2020Ver2.cslog

Date            May 23, 2018
Start Time      14:56:04
End Time        14:56:08

CSPRO Process Summary

CSPRO Executor Normal End
--------------------------------------------------------------------------------
Application     E:\CSPro\Census2020\Source code\Prototype\Data Entry\Census2020Ver2.ent
Type            ENTRY
Input Data      <<Empty>>
<Paradata Log>  E:\CSPro\Census2020\Source code\Prototype\Data Entry\Census2020Ver2.cslog

Date            May 23, 2018
Start Time      14:56:14
End Time        14:56:22

CSPRO Process Summary

CSPRO Executor Normal End
--------------------------------------------------------------------------------
Application     E:\CSPro\Census2020\Source code\Prototype\Data Entry\Census2020Ver2.ent
Type            ENTRY
Input Data      <<Empty>>
<Paradata Log>  E:\CSPro\Census2020\Source code\Prototype\Data Entry\Census2020Ver2.cslog

Date            May 24, 2018
Start Time      09:43:20
End Time        09:44:14

CSPRO Process Summary

CSPRO Executor Normal End
--------------------------------------------------------------------------------
Application     E:\CSPro\Census2020\Source code\Prototype\Data Entry\Census2020Ver2.ent
Type            ENTRY
Input Data      <<Empty>>
<Paradata Log>  E:\CSPro\Census2020\Source code\Prototype\Data Entry\Census2020Ver2.cslog

Date            May 24, 2018
Start Time      09:46:27
End Time        09:46:32

CSPRO Process Summary

CSPRO Executor Normal End
--------------------------------------------------------------------------------
Application     E:\CSPro\Census2020\Source code\Prototype\Data Entry\Census2020Ver2.ent
Type            ENTRY
Input Data      <<Empty>>
<Paradata Log>  E:\CSPro\Census2020\Source code\Prototype\Data Entry\Census2020Ver2.cslog

Date            May 24, 2018
Start Time      09:46:38
End Time        09:46:40

CSPRO Process Summary

CSPRO Executor Normal End
--------------------------------------------------------------------------------
Application     E:\CSPro\Census2020\Source code\Prototype\Data Entry\Census2020Ver2.ent
Type            ENTRY
Input Data      <<Empty>>
<Paradata Log>  E:\CSPro\Census2020\Source code\Prototype\Data Entry\Census2020Ver2.cslog

Date            May 24, 2018
Start Time      09:55:01
End Time        09:55:02

CSPRO Process Summary

CSPRO Executor Normal End
--------------------------------------------------------------------------------
Application     E:\CSPro\Census2020\Source code\Prototype\Data Entry\Census2020Ver2.ent
Type            ENTRY
Input Data      <<Empty>>
<Paradata Log>  E:\CSPro\Census2020\Source code\Prototype\Data Entry\Census2020Ver2.cslog

Date            May 24, 2018
Start Time      09:55:47
End Time        09:55:57

CSPRO Process Summary

CSPRO Executor Normal End
--------------------------------------------------------------------------------
Application     E:\CSPro\Census2020\Source code\Prototype\Data Entry\Census2020Ver2.ent
Type            ENTRY
Input Data      <<Empty>>
<Paradata Log>  E:\CSPro\Census2020\Source code\Prototype\Data Entry\Census2020Ver2.cslog

Date            May 24, 2018
Start Time      10:04:40
End Time        10:04:49

CSPRO Process Summary

User unnumbered messages:

   Line    Freq  Pct.  Message text                                        Denom
   ----    ----  ----  ------------                                        -----
    145       1    -   Parish=%d                                               -

CSPRO Executor Normal End
--------------------------------------------------------------------------------
Application     E:\CSPro\Census2020\Source code\Prototype\Data Entry\Census2020Ver2.ent
Type            ENTRY
Input Data      <<Empty>>
<Paradata Log>  E:\CSPro\Census2020\Source code\Prototype\Data Entry\Census2020Ver2.cslog

Date            May 24, 2018
Start Time      10:05:44
End Time        10:05:46

CSPRO Process Summary

User unnumbered messages:

   Line    Freq  Pct.  Message text                                        Denom
   ----    ----  ----  ------------                                        -----
    145       1    -   Parish=%d                                               -

CSPRO Executor Normal End
--------------------------------------------------------------------------------
Application     E:\CSPro\Census2020\Source code\Prototype\Data Entry\Census2020Ver2.ent
Type            ENTRY
Input Data      <<Empty>>
<Paradata Log>  E:\CSPro\Census2020\Source code\Prototype\Data Entry\Census2020Ver2.cslog

Date            May 24, 2018
Start Time      10:06:20
End Time        10:06:23

CSPRO Process Summary

User unnumbered messages:

   Line    Freq  Pct.  Message text                                        Denom
   ----    ----  ----  ------------                                        -----
    145       1    -   Parish=%d                                               -

CSPRO Executor Normal End
--------------------------------------------------------------------------------
Application     E:\CSPro\Census2020\Source code\Prototype\Data Entry\Census2020Ver2.ent
Type            ENTRY
Input Data      <<Empty>>
<Paradata Log>  E:\CSPro\Census2020\Source code\Prototype\Data Entry\Census2020Ver2.cslog

Date            May 24, 2018
Start Time      10:06:55
End Time        10:06:58

CSPRO Process Summary

User unnumbered messages:

   Line    Freq  Pct.  Message text                                        Denom
   ----    ----  ----  ------------                                        -----
    145       1    -   Parish=%d                                               -

CSPRO Executor Normal End
--------------------------------------------------------------------------------
Application     E:\CSPro\Census2020\Source code\Prototype\Data Entry\Census2020Ver2.ent
Type            ENTRY
Input Data      <<Empty>>
<Paradata Log>  E:\CSPro\Census2020\Source code\Prototype\Data Entry\Census2020Ver2.cslog

Date            May 24, 2018
Start Time      10:15:31
End Time        10:15:37

CSPRO Process Summary

User unnumbered messages:

   Line    Freq  Pct.  Message text                                        Denom
   ----    ----  ----  ------------                                        -----
    145       1    -   Parish=%d                                               -

CSPRO Executor Normal End
--------------------------------------------------------------------------------
Application     E:\CSPro\Census2020\Source code\Prototype\Data Entry\Census2020Ver2.ent
Type            ENTRY
Input Data      <<Empty>>
<Paradata Log>  E:\CSPro\Census2020\Source code\Prototype\Data Entry\Census2020Ver2.cslog

Date            May 24, 2018
Start Time      10:17:56
End Time        10:18:00

CSPRO Process Summary

CSPRO Executor Normal End
--------------------------------------------------------------------------------
Application     E:\CSPro\Census2020\Source code\Prototype\Data Entry\Census2020Ver2.ent
Type            ENTRY
Input Data      <<Empty>>
<Paradata Log>  E:\CSPro\Census2020\Source code\Prototype\Data Entry\Census2020Ver2.cslog

Date            May 24, 2018
Start Time      10:19:29
End Time        10:19:38

CSPRO Process Summary

User unnumbered messages:

   Line    Freq  Pct.  Message text                                        Denom
   ----    ----  ----  ------------                                        -----
    145       1    -   visualvalue=%d, parish=%d                               -

CSPRO Executor Normal End
--------------------------------------------------------------------------------
Application     E:\CSPro\Census2020\Source code\Prototype\Data Entry\Census2020Ver2.ent
Type            ENTRY
Input Data      <<Empty>>
<Paradata Log>  E:\CSPro\Census2020\Source code\Prototype\Data Entry\Census2020Ver2.cslog

Date            May 24, 2018
Start Time      10:25:42
End Time        10:25:56

CSPRO Process Summary

User unnumbered messages:

   Line    Freq  Pct.  Message text                                        Denom
   ----    ----  ----  ------------                                        -----
    145       1    -   visualvalue=%d, parish=%d, sysparm=%s                   -

CSPRO Executor Normal End
--------------------------------------------------------------------------------
Application     E:\CSPro\Census2020\Source code\Prototype\Data Entry\Census2020Ver2.ent
Type            ENTRY
Input Data      <<Empty>>
<Paradata Log>  E:\CSPro\Census2020\Source code\Prototype\Data Entry\Census2020Ver2.cslog

Date            May 24, 2018
Start Time      10:27:15
End Time        10:27:28

CSPRO Process Summary

User unnumbered messages:

   Line    Freq  Pct.  Message text                                        Denom
   ----    ----  ----  ------------                                        -----
    145       1    -   Line1 visualvalue=%d, parish=%d, sysparm=%s             -
    151       1    -   endif visualvalue=%d, parish=%d, sysparm=%s             -

CSPRO Executor Normal End
--------------------------------------------------------------------------------
Application     E:\CSPro\Census2020\Source code\Prototype\Data Entry\Census2020Ver2.ent
Type            ENTRY
Input Data      <<Empty>>
<Paradata Log>  E:\CSPro\Census2020\Source code\Prototype\Data Entry\Census2020Ver2.cslog

Date            May 24, 2018
Start Time      10:27:53
End Time        10:28:04

CSPRO Process Summary

User unnumbered messages:

   Line    Freq  Pct.  Message text                                        Denom
   ----    ----  ----  ------------                                        -----
    145       1    -   Line1 visualvalue=%d, parish=%d, sysparm=%s             -
    148       1    -   If statement visualvalue=%d, parish=%d, sysparm=%       -
    151       1    -   endif visualvalue=%d, parish=%d, sysparm=%s             -

CSPRO Executor Normal End
--------------------------------------------------------------------------------
Application     E:\CSPro\Census2020\Source code\Prototype\Data Entry\Census2020Ver2.ent
Type            ENTRY
Input Data      <<Empty>>
<Paradata Log>  E:\CSPro\Census2020\Source code\Prototype\Data Entry\Census2020Ver2.cslog

Date            May 24, 2018
Start Time      10:29:13
End Time        10:29:23

CSPRO Process Summary

CSPRO Executor Normal End
--------------------------------------------------------------------------------
Application     E:\CSPro\Census2020\Source code\Prototype\Data Entry\Census2020Ver2.ent
Type            ENTRY
Input Data      <<Empty>>
<Paradata Log>  E:\CSPro\Census2020\Source code\Prototype\Data Entry\Census2020Ver2.cslog

Date            May 24, 2018
Start Time      10:30:21
End Time        10:30:27

CSPRO Process Summary

CSPRO Executor Normal End
--------------------------------------------------------------------------------
Application     E:\CSPro\Census2020\Source code\Prototype\Data Entry\Census2020Ver2.ent
Type            ENTRY
Input Data      <<Empty>>
<Paradata Log>  E:\CSPro\Census2020\Source code\Prototype\Data Entry\Census2020Ver2.cslog

Date            May 24, 2018
Start Time      10:30:58
End Time        10:31:04

CSPRO Process Summary

CSPRO Executor Normal End
--------------------------------------------------------------------------------
Application     E:\CSPro\Census2020\Source code\Prototype\Data Entry\Census2020Ver2.ent
Type            ENTRY
Input Data      <<Empty>>
<Paradata Log>  E:\CSPro\Census2020\Source code\Prototype\Data Entry\Census2020Ver2.cslog

Date            May 24, 2018
Start Time      10:31:43
End Time        11:37:35

CSPRO Process Summary

System messages:

 Number    Frequency   Message text
 ------    ---------   ------------
  99990            2   Operator entered a value out of range            

User unnumbered messages:

   Line    Freq  Pct.  Message text                                        Denom
   ----    ----  ----  ------------                                        -----
    281       1    -   Number of persons in household (%d) does not matc       -

CSPRO Executor Normal End
--------------------------------------------------------------------------------
Application     E:\CSPro\Census2020\Source code\Prototype\Data Entry\Census2020Ver2.ent
Type            ENTRY
Input Data      <<Empty>>
<Paradata Log>  E:\CSPro\Census2020\Source code\Prototype\Data Entry\Census2020Ver2.cslog

Date            May 24, 2018
Start Time      11:37:53
End Time        11:37:59

CSPRO Process Summary

CSPRO Executor Normal End
--------------------------------------------------------------------------------
